layer at (0,0) size 800x600
  RenderView at (0,0) size 800x600
layer at (0,0) size 800x284
  RenderBlock {HTML} at (0,0) size 800x284
    RenderBody {BODY} at (8,8) size 784x268
      RenderBlock (anonymous) at (0,0) size 784x56
        RenderTextControl {INPUT} at (4,4) size 123x19 [bgcolor=#FFFFFF] [border: (2px inset #000000)]
          RenderFlexibleBox {DIV} at (3,3) size 117x13
            RenderBlock {DIV} at (0,1) size 8x11
            RenderBlock {DIV} at (8,0) size 96x13
            RenderBlock {DIV} at (104,1) size 13x11
        RenderText {#text} at (131,4) size 4x18
          text run at (131,4) width 4: " "
        RenderBR {BR} at (135,4) size 0x18
        RenderTextControl {INPUT} at (4,31) size 125x21 [bgcolor=#FFFFFF] [border: (3px solid #00FF00)]
          RenderFlexibleBox {DIV} at (4,4) size 117x13
            RenderBlock {DIV} at (0,1) size 8x11
            RenderBlock {DIV} at (8,0) size 96x13
            RenderBlock {DIV} at (104,1) size 13x11
        RenderText {#text} at (133,32) size 4x18
          text run at (133,32) width 4: " "
        RenderTextControl {INPUT} at (141,32) size 123x19 [bgcolor=#FFFFFF] [border: (2px inset #000000)]
          RenderFlexibleBox {DIV} at (3,3) size 117x13
            RenderBlock {DIV} at (0,1) size 8x11
            RenderBlock {DIV} at (8,0) size 96x13
            RenderBlock {DIV} at (104,1) size 13x11
        RenderText {#text} at (268,32) size 4x18
          text run at (268,32) width 4: " "
        RenderBR {BR} at (272,32) size 0x18
      RenderBlock {DIV} at (0,56) size 163x45 [bgcolor=#888888]
        RenderTextControl {INPUT} at (11,9) size 133x19 [bgcolor=#00FF00] [border: (2px inset #000000)]
          RenderFlexibleBox {DIV} at (3,3) size 127x13
            RenderBlock {DIV} at (0,1) size 8x11
            RenderBlock {DIV} at (8,0) size 106x13
            RenderBlock {DIV} at (114,1) size 13x11
        RenderText {#text} at (0,0) size 0x0
      RenderBlock (anonymous) at (0,101) size 784x167
        RenderTextControl {INPUT} at (4,4) size 123x19 [border: (2px inset #000000)]
          RenderFlexibleBox {DIV} at (3,3) size 117x13
            RenderBlock {DIV} at (0,1) size 8x11
            RenderBlock {DIV} at (8,0) size 96x13
            RenderBlock {DIV} at (104,1) size 13x11
        RenderText {#text} at (131,4) size 4x18
          text run at (131,4) width 4: " "
        RenderBR {BR} at (135,4) size 0x18
        RenderTextControl {INPUT} at (4,31) size 123x19 [bgcolor=#FFFFFF] [border: (2px inset #000000)]
          RenderFlexibleBox {DIV} at (3,3) size 117x13
            RenderBlock {DIV} at (0,1) size 8x11
            RenderBlock {DIV} at (8,0) size 96x13
            RenderBlock {DIV} at (104,1) size 13x11
        RenderText {#text} at (131,31) size 4x18
          text run at (131,31) width 4: " "
        RenderBR {BR} at (135,31) size 0x18
        RenderTextControl {INPUT} at (4,58) size 146x22 [bgcolor=#FFFFFF] [border: (2px inset #000000)]
          RenderFlexibleBox {DIV} at (3,3) size 140x16
            RenderBlock {DIV} at (0,1) size 10x14
            RenderBlock {DIV} at (10,0) size 114x16
            RenderBlock {DIV} at (124,1) size 16x14
        RenderText {#text} at (154,60) size 4x18
          text run at (154,60) width 4: " "
        RenderTextControl {INPUT} at (162,58) size 146x22 [bgcolor=#FFFFFF] [border: (2px inset #000000)]
          RenderFlexibleBox {DIV} at (3,3) size 140x16
            RenderBlock {DIV} at (0,1) size 10x14
            RenderBlock {DIV} at (10,0) size 114x16
            RenderBlock {DIV} at (124,1) size 16x14
        RenderText {#text} at (312,60) size 4x18
          text run at (312,60) width 4: " "
        RenderTextControl {INPUT} at (320,58) size 146x22 [bgcolor=#FFFFFF] [border: (2px inset #000000)]
          RenderFlexibleBox {DIV} at (3,3) size 140x16
            RenderBlock {DIV} at (0,1) size 10x14
            RenderBlock {DIV} at (10,0) size 114x16
            RenderBlock {DIV} at (124,1) size 16x14
        RenderText {#text} at (470,60) size 4x18
          text run at (470,60) width 4: " "
        RenderBR {BR} at (474,60) size 0x18
        RenderTextControl {INPUT} at (6,99) size 174x29 [bgcolor=#FFFFFF] [border: (3px inset #000000)]
          RenderFlexibleBox {DIV} at (4,4) size 166x21
            RenderBlock {DIV} at (0,0) size 19x20
            RenderBlock {DIV} at (19,0) size 122x20
            RenderBlock {DIV} at (141,0) size 24x20
        RenderText {#text} at (186,105) size 4x18
          text run at (186,105) width 4: " "
        RenderTextControl {INPUT} at (198,92) size 245x38 [bgcolor=#FFFFFF] [border: (4px inset #000000)]
          RenderFlexibleBox {DIV} at (6,6) size 233x26
            RenderBlock {DIV} at (0,0) size 29x26
            RenderBlock {DIV} at (29,0) size 172x26
            RenderBlock {DIV} at (201,0) size 32x26
        RenderText {#text} at (451,105) size 4x18
          text run at (451,105) width 4: " "
        RenderBR {BR} at (455,105) size 0x18
        RenderTextControl {INPUT} at (4,142) size 185x21 [bgcolor=#FFFFFF] [border: (1px solid #BDC7D8)]
          RenderFlexibleBox {DIV} at (18,4) size 163x13
            RenderBlock {DIV} at (0,1) size 22x11
            RenderBlock {DIV} at (22,0) size 128x13
            RenderBlock {DIV} at (150,1) size 13x11
        RenderText {#text} at (0,0) size 0x0
layer at (23,15) size 96x13
  RenderBlock {DIV} at (0,0) size 96x13
    RenderText {#text} at (0,0) size 18x13
      text run at (0,0) width 18: "foo"
layer at (24,43) size 96x13
  RenderBlock {DIV} at (0,0) size 96x13
    RenderText {#text} at (0,0) size 18x13
      text run at (0,0) width 18: "foo"
layer at (160,43) size 96x13
  RenderBlock {DIV} at (0,0) size 96x13
    RenderText {#text} at (0,0) size 18x13
      text run at (0,0) width 18: "foo"
layer at (30,76) size 106x13
  RenderBlock {DIV} at (0,0) size 106x13
    RenderText {#text} at (0,0) size 62x13
      text run at (0,0) width 62: "default text"
layer at (23,116) size 96x13
  RenderBlock {DIV} at (0,0) size 96x13
    RenderText {#text} at (0,0) size 18x13
      text run at (0,0) width 18: "foo"
layer at (23,143) size 96x13
  RenderBlock {DIV} at (0,0) size 96x13
    RenderText {#text} at (0,0) size 18x13
      text run at (0,0) width 18: "foo"
layer at (25,170) size 114x16
  RenderBlock {DIV} at (0,0) size 114x16
    RenderText {#text} at (0,0) size 21x16
      text run at (0,0) width 21: "foo"
layer at (183,170) size 114x16
  RenderBlock {DIV} at (0,0) size 114x16
    RenderText {#text} at (0,0) size 21x16
      text run at (0,0) width 21: "foo"
layer at (341,170) size 114x16
  RenderBlock {DIV} at (0,0) size 114x16
    RenderText {#text} at (0,0) size 21x16
      text run at (0,0) width 21: "foo"
layer at (38,213) size 122x20
  RenderBlock {DIV} at (0,0) size 122x20
    RenderText {#text} at (0,0) size 28x20
      text run at (0,0) width 28: "foo"
layer at (241,207) size 172x26
  RenderBlock {DIV} at (0,0) size 172x26
    RenderText {#text} at (0,0) size 36x26
      text run at (0,0) width 36: "foo"
layer at (52,255) size 128x13
  RenderBlock {DIV} at (40,4) size 128x13 [color=#A9A9A9]
    RenderText {#text} at (0,0) size 92x13
      text run at (0,0) width 92: "Search for Events"
layer at (52,255) size 128x13
  RenderBlock {DIV} at (0,0) size 128x13
