layer at (0,0) size 800x600
  RenderView at (0,0) size 800x600
layer at (0,0) size 800x600
  RenderBlock {HTML} at (0,0) size 800x600
    RenderBody {BODY} at (8,8) size 784x584
      RenderListBox {SELECT} at (4,4) size 38x69 [bgcolor=#FFFFFF] [border: (1px inset #808080)]
      RenderText {#text} at (46,55) size 4x19
        text run at (46,55) width 4: " "
      RenderBR {BR} at (50,55) size 0x19
      RenderListBox {SELECT} at (4,81) size 42x73 [bgcolor=#FFFFFF] [border: (3px solid #00FF00)]
      RenderText {#text} at (50,136) size 4x19
        text run at (50,136) width 4: " "
      RenderListBox {SELECT} at (58,85) size 38x69 [bgcolor=#FFFFFF] [border: (1px inset #808080)]
      RenderText {#text} at (100,136) size 4x19
        text run at (100,136) width 4: " "
      RenderBR {BR} at (104,136) size 0x19
      RenderListBox {SELECT} at (4,162) size 38x69 [border: (1px inset #808080)]
      RenderText {#text} at (46,213) size 4x19
        text run at (46,213) width 4: " "
      RenderBR {BR} at (50,213) size 0x19
      RenderListBox {SELECT} at (4,239) size 38x69 [bgcolor=#FFFFFF] [border: (1px inset #808080)]
      RenderText {#text} at (46,290) size 4x19
        text run at (46,290) width 4: " "
      RenderBR {BR} at (50,290) size 0x19
      RenderListBox {SELECT} at (4,352) size 43x77 [bgcolor=#FFFFFF] [border: (1px inset #808080)]
      RenderText {#text} at (51,411) size 4x19
        text run at (51,411) width 4: " "
      RenderListBox {SELECT} at (59,332) size 49x97 [bgcolor=#FFFFFF] [border: (1px inset #808080)]
      RenderText {#text} at (112,411) size 4x19
        text run at (112,411) width 4: " "
      RenderListBox {SELECT} at (120,316) size 54x113 [bgcolor=#FFFFFF] [border: (1px inset #808080)]
      RenderText {#text} at (178,411) size 4x19
        text run at (178,411) width 4: " "
      RenderBR {BR} at (182,411) size 0x19
      RenderListBox {SELECT} at (6,481) size 49x97 [bgcolor=#FFFFFF] [border: (1px inset #808080)]
      RenderText {#text} at (61,562) size 4x19
        text run at (61,562) width 4: " "
      RenderListBox {SELECT} at (73,441) size 60x135 [bgcolor=#FFFFFF] [border: (2px inset #808080)]
      RenderText {#text} at (141,562) size 4x19
        text run at (141,562) width 4: " "
      RenderBR {BR} at (145,562) size 0x19
