layer at (0,0) size 800x600
  RenderView at (0,0) size 800x600
layer at (0,0) size 800x227
  RenderBlock {HTML} at (0,0) size 800x227
    RenderBody {BODY} at (8,8) size 784x211
      RenderMenuList {SELECT} at (4,4) size 42x20 [bgcolor=#FFFFFF] [border: (1px solid #000000)]
        RenderBlock (anonymous) at (1,1) size 40x18
          RenderText at (4,1) size 17x16
            text run at (4,1) width 17: "foo"
      RenderText {#text} at (50,4) size 4x19
        text run at (50,4) width 4: " "
      RenderBR {BR} at (54,4) size 0x19
      RenderMenuList {SELECT} at (4,32) size 46x24 [bgcolor=#FFFFFF] [border: (3px solid #00FF00)]
        RenderBlock (anonymous) at (3,3) size 40x18
          RenderText at (4,1) size 17x16
            text run at (4,1) width 17: "foo"
      RenderText {#text} at (54,34) size 4x19
        text run at (54,34) width 4: " "
      RenderMenuList {SELECT} at (62,34) size 42x20 [bgcolor=#FFFFFF] [border: (1px solid #000000)]
        RenderBlock (anonymous) at (1,1) size 40x18
          RenderText at (4,1) size 17x16
            text run at (4,1) width 17: "foo"
      RenderText {#text} at (108,34) size 4x19
        text run at (108,34) width 4: " "
      RenderBR {BR} at (112,34) size 0x19
      RenderMenuList {SELECT} at (4,64) size 42x20 [border: (1px solid #000000)]
        RenderBlock (anonymous) at (1,1) size 40x18
          RenderText at (4,1) size 17x16
            text run at (4,1) width 17: "foo"
      RenderText {#text} at (50,64) size 4x19
        text run at (50,64) width 4: " "
      RenderBR {BR} at (54,64) size 0x19
      RenderMenuList {SELECT} at (4,92) size 42x20 [bgcolor=#FFFFFF] [border: (1px solid #000000)]
        RenderBlock (anonymous) at (1,1) size 40x18
          RenderText at (4,1) size 17x16
            text run at (4,1) width 17: "foo"
      RenderText {#text} at (50,92) size 4x19
        text run at (50,92) width 4: " "
      RenderBR {BR} at (54,92) size 0x19
      RenderMenuList {SELECT} at (4,126) size 47x23 [bgcolor=#FFFFFF] [border: (1px solid #000000)]
        RenderBlock (anonymous) at (1,1) size 45x21
          RenderText at (4,1) size 22x18
            text run at (4,1) width 22: "foo"
      RenderText {#text} at (55,128) size 4x19
        text run at (55,128) width 4: " "
      RenderMenuList {SELECT} at (63,122) size 53x28 [bgcolor=#FFFFFF] [border: (1px solid #000000)]
        RenderBlock (anonymous) at (1,1) size 51x26
          RenderText at (4,1) size 28x23
            text run at (4,1) width 28: "foo"
      RenderText {#text} at (120,128) size 4x19
        text run at (120,128) width 4: " "
      RenderMenuList {SELECT} at (128,120) size 58x32 [bgcolor=#FFFFFF] [border: (1px solid #000000)]
        RenderBlock (anonymous) at (1,1) size 56x30
          RenderText at (4,1) size 33x27
            text run at (4,1) width 33: "foo"
      RenderText {#text} at (190,128) size 4x19
        text run at (190,128) width 4: " "
      RenderBR {BR} at (194,128) size 0x19
      RenderMenuList {SELECT} at (6,172) size 53x28 [bgcolor=#FFFFFF] [border: (1px solid #000000)]
        RenderBlock (anonymous) at (1,1) size 51x26
          RenderText at (4,1) size 28x23
            text run at (4,1) width 28: "foo"
      RenderText {#text} at (65,178) size 4x19
        text run at (65,178) width 4: " "
      RenderMenuList {SELECT} at (77,164) size 64x39 [bgcolor=#FFFFFF] [border: (2px solid #000000)]
        RenderBlock (anonymous) at (2,2) size 60x35
          RenderText at (4,1) size 37x32
            text run at (4,1) width 37: "foo"
      RenderText {#text} at (149,178) size 4x19
        text run at (149,178) width 4: " "
      RenderBR {BR} at (153,178) size 0x19
