layer at (0,0) size 800x600
  RenderView at (0,0) size 800x600
layer at (0,0) size 800x392
  RenderBlock {HTML} at (0,0) size 800x392
    RenderBody {BODY} at (8,8) size 784x376
      RenderText {#text} at (189,31) size 4x19
        text run at (189,31) width 4: " "
      RenderBR {BR} at (193,31) size 0x19
      RenderText {#text} at (193,86) size 4x19
        text run at (193,86) width 4: " "
      RenderText {#text} at (386,86) size 4x19
        text run at (386,86) width 4: " "
      RenderBR {BR} at (390,86) size 0x19
      RenderText {#text} at (189,137) size 4x19
        text run at (189,137) width 4: " "
      RenderBR {BR} at (193,137) size 0x19
      RenderText {#text} at (189,188) size 4x19
        text run at (189,188) width 4: " "
      RenderBR {BR} at (193,188) size 0x19
      RenderText {#text} at (229,263) size 4x19
        text run at (229,263) width 4: " "
      RenderText {#text} at (502,263) size 4x19
        text run at (502,263) width 4: " "
      RenderText {#text} at (735,263) size 4x19
        text run at (735,263) width 4: " "
      RenderBR {BR} at (739,263) size 0x19
      RenderText {#text} at (275,356) size 4x19
        text run at (275,356) width 4: " "
      RenderText {#text} at (642,356) size 4x19
        text run at (642,356) width 4: " "
      RenderBR {BR} at (646,356) size 0x19
layer at (12,12) size 181x38 clip at (13,13) size 179x36
  RenderTextControl {TEXTAREA} at (4,4) size 181x38 [bgcolor=#FFFFFF] [border: (1px solid #000000)]
    RenderBlock {DIV} at (3,3) size 175x16
      RenderText {#text} at (0,0) size 24x16
        text run at (0,0) width 24: "foo"
layer at (12,63) size 185x42 clip at (15,66) size 179x36
  RenderTextControl {TEXTAREA} at (4,55) size 185x42 [bgcolor=#FFFFFF] [border: (3px solid #00FF00)]
    RenderBlock {DIV} at (5,5) size 175x16
      RenderText {#text} at (0,0) size 24x16
        text run at (0,0) width 24: "foo"
layer at (209,67) size 181x38 clip at (210,68) size 179x36
  RenderTextControl {TEXTAREA} at (201,59) size 181x38 [bgcolor=#FFFFFF] [border: (1px solid #000000)]
    RenderBlock {DIV} at (3,3) size 175x16
      RenderText {#text} at (0,0) size 24x16
        text run at (0,0) width 24: "foo"
layer at (12,118) size 181x38 clip at (13,119) size 179x36
  RenderTextControl {TEXTAREA} at (4,110) size 181x38 [border: (1px solid #000000)]
    RenderBlock {DIV} at (3,3) size 175x16
      RenderText {#text} at (0,0) size 24x16
        text run at (0,0) width 24: "foo"
layer at (12,169) size 181x38 clip at (13,170) size 179x36
  RenderTextControl {TEXTAREA} at (4,161) size 181x38 [bgcolor=#FFFFFF] [border: (1px solid #000000)]
    RenderBlock {DIV} at (3,3) size 175x16
      RenderText {#text} at (0,0) size 24x16
        text run at (0,0) width 24: "foo"
layer at (12,240) size 221x42 clip at (13,241) size 219x40
  RenderTextControl {TEXTAREA} at (4,232) size 221x42 [bgcolor=#FFFFFF] [border: (1px solid #000000)]
    RenderBlock {DIV} at (3,3) size 215x18
      RenderText {#text} at (0,0) size 30x18
        text run at (0,0) width 30: "foo"
layer at (245,232) size 261x50 clip at (246,233) size 259x48
  RenderTextControl {TEXTAREA} at (237,224) size 261x50 [bgcolor=#FFFFFF] [border: (1px solid #000000)]
    RenderBlock {DIV} at (3,3) size 255x22
      RenderText {#text} at (0,0) size 36x22
        text run at (0,0) width 36: "foo"
layer at (518,220) size 221x62 clip at (519,221) size 219x60
  RenderTextControl {TEXTAREA} at (510,212) size 221x62 [bgcolor=#FFFFFF] [border: (1px solid #000000)]
    RenderBlock {DIV} at (3,3) size 215x28
      RenderText {#text} at (0,0) size 32x27
        text run at (0,0) width 32: "foo"
layer at (14,321) size 263x52 clip at (15,322) size 261x50
  RenderTextControl {TEXTAREA} at (6,313) size 263x52 [bgcolor=#FFFFFF] [border: (1px solid #000000)]
    RenderBlock {DIV} at (4,4) size 255x22
      RenderText {#text} at (0,0) size 36x22
        text run at (0,0) width 36: "foo"
layer at (295,299) size 347x72 clip at (297,301) size 343x68
  RenderTextControl {TEXTAREA} at (287,291) size 347x72 [bgcolor=#FFFFFF] [border: (2px solid #000000)]
    RenderBlock {DIV} at (6,6) size 335x30
      RenderText {#text} at (0,0) size 48x30
        text run at (0,0) width 48: "foo"
