layer at (0,0) size 800x600
  RenderView at (0,0) size 800x600
layer at (0,0) size 800x217
  RenderBlock {HTML} at (0,0) size 800x217
    RenderBody {BODY} at (8,8) size 784x201
      RenderButton {INPUT} at (4,4) size 34x18 [bgcolor=#C0C0C0]
        RenderBlock (anonymous) at (8,2) size 18x14
          RenderText at (0,0) size 18x13
            text run at (0,0) width 18: "foo"
      RenderText {#text} at (41,3) size 5x18
        text run at (41,3) width 5: " "
      RenderBR {BR} at (45,3) size 1x18
      RenderButton {INPUT} at (4,30) size 36x24 [bgcolor=#C0C0C0] [border: (3px solid #00FF00)]
        RenderBlock (anonymous) at (9,5) size 18x13
          RenderText at (0,0) size 18x13
            text run at (0,0) width 18: "foo"
      RenderText {#text} at (43,32) size 5x18
        text run at (43,32) width 5: " "
      RenderButton {INPUT} at (51,31) size 35x22 [bgcolor=#C0C0C0] [border: (2px outset #C0C0C0)]
        RenderBlock (anonymous) at (8,4) size 18x13
          RenderText at (0,0) size 18x13
            text run at (0,0) width 18: "foo"
      RenderText {#text} at (89,32) size 5x18
        text run at (89,32) width 5: " "
      RenderBR {BR} at (93,32) size 1x18
      RenderButton {INPUT} at (4,62) size 34x22 [border: (2px outset #C0C0C0)]
        RenderBlock (anonymous) at (8,4) size 18x13
          RenderText at (0,0) size 18x13
            text run at (0,0) width 18: "foo"
      RenderText {#text} at (41,63) size 5x18
        text run at (41,63) width 5: " "
      RenderBR {BR} at (45,63) size 1x18
      RenderButton {INPUT} at (4,92) size 34x18 [bgcolor=#C0C0C0]
        RenderBlock (anonymous) at (8,2) size 18x14
          RenderText at (0,0) size 18x13
            text run at (0,0) width 18: "foo"
      RenderText {#text} at (41,91) size 5x18
        text run at (41,91) width 5: " "
      RenderBR {BR} at (45,91) size 1x18
      RenderButton {INPUT} at (4,118) size 37x21 [bgcolor=#C0C0C0]
        RenderBlock (anonymous) at (8,2) size 21x17
          RenderText at (0,0) size 21x16
            text run at (0,0) width 21: "foo"
      RenderText {#text} at (44,119) size 5x18
        text run at (44,119) width 5: " "
      RenderButton {INPUT} at (52,118) size 38x21 [bgcolor=#C0C0C0]
        RenderBlock (anonymous) at (8,2) size 21x17
          RenderText at (0,0) size 21x16
            text run at (0,0) width 21: "foo"
      RenderText {#text} at (93,119) size 5x18
        text run at (93,119) width 5: " "
      RenderButton {INPUT} at (101,118) size 38x21 [bgcolor=#C0C0C0]
        RenderBlock (anonymous) at (8,2) size 21x17
          RenderText at (0,0) size 21x16
            text run at (0,0) width 21: "foo"
      RenderText {#text} at (142,119) size 5x18
        text run at (142,119) width 5: " "
      RenderBR {BR} at (146,119) size 1x18
      RenderButton {INPUT} at (6,159) size 56x31 [bgcolor=#C0C0C0]
        RenderBlock (anonymous) at (12,4) size 32x23
          RenderText at (0,0) size 32x23
            text run at (0,0) width 32: "foo"
      RenderText {#text} at (67,168) size 5x18
        text run at (67,168) width 5: " "
      RenderButton {INPUT} at (79,151) size 75x42 [bgcolor=#C0C0C0]
        RenderBlock (anonymous) at (16,6) size 42x30
          RenderText at (0,0) size 42x30
            text run at (0,0) width 42: "foo"
      RenderText {#text} at (161,168) size 5x18
        text run at (161,168) width 5: " "
      RenderBR {BR} at (165,168) size 1x18
