layer at (0,0) size 800x600
  RenderView at (0,0) size 800x600
layer at (0,0) size 800x600
  RenderBlock {HTML} at (0,0) size 800x600
    RenderBody {BODY} at (8,8) size 784x584
      RenderInline {SPAN} at (0,0) size 266x27
        RenderText {#text} at (0,0) size 173x27
          text run at (0,0) width 173: "This is some text. "
        RenderInline {TT} at (0,0) size 93x27
          RenderText {#text} at (173,0) size 93x27
            text run at (173,0) width 93: "As is this."
      RenderText {#text} at (266,0) size 338x27
        text run at (266,0) width 338: " All of this text should be 24px tall."
