layer at (0,0) size 800x600
  RenderView at (0,0) size 800x600
layer at (0,0) size 800x155
  RenderBlock {HTML} at (0,0) size 800x155
    RenderBody {BODY} at (8,8) size 784x139
      RenderBlock {INPUT} at (4,4) size 13x13
      RenderText {#text} at (21,2) size 4x19
        text run at (21,2) width 4: " "
      RenderBlock {INPUT} at (29,4) size 13x13
      RenderText {#text} at (46,2) size 4x19
        text run at (46,2) width 4: " "
      RenderBR {BR} at (50,2) size 0x19
      RenderBlock {INPUT} at (4,26) size 13x13
      RenderText {#text} at (21,24) size 4x19
        text run at (21,24) width 4: " "
      RenderBlock {INPUT} at (29,26) size 13x13
      RenderText {#text} at (46,24) size 4x19
        text run at (46,24) width 4: " "
      RenderBR {BR} at (50,24) size 0x19
      RenderBlock {INPUT} at (4,48) size 13x13
      RenderText {#text} at (21,46) size 4x19
        text run at (21,46) width 4: " "
      RenderBR {BR} at (25,46) size 0x19
      RenderBlock {INPUT} at (4,70) size 13x13
      RenderText {#text} at (21,68) size 4x19
        text run at (21,68) width 4: " "
      RenderBR {BR} at (25,68) size 0x19
      RenderBlock {INPUT} at (4,92) size 8x13
      RenderText {#text} at (16,90) size 4x19
        text run at (16,90) width 4: " "
      RenderBlock {INPUT} at (24,92) size 16x13
      RenderText {#text} at (44,90) size 4x19
        text run at (44,90) width 4: " "
      RenderBlock {INPUT} at (52,92) size 24x13
      RenderText {#text} at (80,90) size 4x19
        text run at (80,90) width 4: " "
      RenderBR {BR} at (84,90) size 0x19
      RenderBlock {INPUT} at (6,118) size 13x13
      RenderText {#text} at (25,116) size 4x19
        text run at (25,116) width 4: " "
      RenderBlock {INPUT} at (37,118) size 13x13
      RenderText {#text} at (58,116) size 4x19
        text run at (58,116) width 4: " "
      RenderBR {BR} at (62,116) size 0x19
