layer at (0,0) size 800x600
  RenderView at (0,0) size 800x600
layer at (0,0) size 800x209
  RenderBlock {HTML} at (0,0) size 800x209
    RenderBody {BODY} at (8,8) size 784x193
      RenderSlider {INPUT} at (4,4) size 129x21 [color=#9D968E] [bgcolor=#FFFFFF]
        RenderFlexibleBox {DIV} at (0,0) size 129x21
          RenderBlock {DIV} at (0,0) size 129x21
            RenderBlock {DIV} at (59,0) size 11x21
      RenderText {#text} at (137,10) size 4x19
        text run at (137,10) width 4: " "
      RenderBR {BR} at (141,10) size 0x19
      RenderSlider {INPUT} at (4,34) size 135x27 [color=#9D968E] [bgcolor=#FFFFFF] [border: (3px solid #00FF00)]
        RenderFlexibleBox {DIV} at (3,3) size 129x21
          RenderBlock {DIV} at (0,0) size 129x21
            RenderBlock {DIV} at (59,0) size 11x21
      RenderText {#text} at (143,46) size 4x19
        text run at (143,46) width 4: " "
      RenderSlider {INPUT} at (151,40) size 129x21 [color=#9D968E] [bgcolor=#FFFFFF]
        RenderFlexibleBox {DIV} at (0,0) size 129x21
          RenderBlock {DIV} at (0,0) size 129x21
            RenderBlock {DIV} at (59,0) size 11x21
      RenderText {#text} at (284,46) size 4x19
        text run at (284,46) width 4: " "
      RenderBR {BR} at (288,46) size 0x19
      RenderSlider {INPUT} at (4,70) size 129x21 [color=#9D968E]
        RenderFlexibleBox {DIV} at (0,0) size 129x21
          RenderBlock {DIV} at (0,0) size 129x21
            RenderBlock {DIV} at (59,0) size 11x21
      RenderText {#text} at (137,76) size 4x19
        text run at (137,76) width 4: " "
      RenderBR {BR} at (141,76) size 0x19
      RenderSlider {INPUT} at (4,100) size 129x21 [color=#9D968E] [bgcolor=#FFFFFF]
        RenderFlexibleBox {DIV} at (0,0) size 129x21
          RenderBlock {DIV} at (0,0) size 129x21
            RenderBlock {DIV} at (59,0) size 11x21
      RenderText {#text} at (137,106) size 4x19
        text run at (137,106) width 4: " "
      RenderBR {BR} at (141,106) size 0x19
      RenderSlider {INPUT} at (4,130) size 40x21 [color=#9D968E] [bgcolor=#FFFFFF]
        RenderFlexibleBox {DIV} at (0,0) size 40x21
          RenderBlock {DIV} at (0,0) size 40x21
            RenderBlock {DIV} at (14,0) size 12x21
      RenderText {#text} at (48,136) size 4x19
        text run at (48,136) width 4: " "
      RenderSlider {INPUT} at (56,130) size 40x21 [color=#9D968E] [bgcolor=#FFFFFF]
        RenderFlexibleBox {DIV} at (0,0) size 40x21
          RenderBlock {DIV} at (0,0) size 40x21
            RenderBlock {DIV} at (14,0) size 12x21
      RenderText {#text} at (100,136) size 4x19
        text run at (100,136) width 4: " "
      RenderSlider {INPUT} at (108,130) size 40x21 [color=#9D968E] [bgcolor=#FFFFFF]
        RenderFlexibleBox {DIV} at (0,0) size 40x21
          RenderBlock {DIV} at (0,0) size 40x21
            RenderBlock {DIV} at (14,0) size 12x21
      RenderText {#text} at (152,136) size 4x19
        text run at (152,136) width 4: " "
      RenderBR {BR} at (156,136) size 0x19
      RenderSlider {INPUT} at (6,164) size 194x21 [color=#9D968E] [bgcolor=#FFFFFF]
        RenderFlexibleBox {DIV} at (0,0) size 194x21
          RenderBlock {DIV} at (0,0) size 194x21
            RenderBlock {DIV} at (91,0) size 12x21
      RenderText {#text} at (205,170) size 5x19
        text run at (205,170) width 5: " "
      RenderSlider {INPUT} at (217,164) size 259x21 [color=#9D968E] [bgcolor=#FFFFFF]
        RenderFlexibleBox {DIV} at (0,0) size 258x21
          RenderBlock {DIV} at (0,0) size 258x21
            RenderBlock {DIV} at (123,0) size 12x21
      RenderText {#text} at (483,170) size 5x19
        text run at (483,170) width 5: " "
      RenderBR {BR} at (487,170) size 1x19
