layer at (0,0) size 800x600
  RenderView at (0,0) size 800x600
layer at (0,0) size 800x315
  RenderBlock {HTML} at (0,0) size 800x315
    RenderBody {BODY} at (8,8) size 784x299
      RenderBlock (anonymous) at (0,0) size 784x62
        RenderTextControl {INPUT} at (4,4) size 155x22 [bgcolor=#FFFFFF] [border: (2px inset #000000)]
          RenderFlexibleBox {DIV} at (3,3) size 149x16
            RenderBlock {DIV} at (0,2) size 1x12
            RenderBlock {DIV} at (1,0) size 136x16
            RenderBlock {DIV} at (137,3) size 9x10
        RenderText {#text} at (163,5) size 4x19
          text run at (163,5) width 4: " "
        RenderBR {BR} at (167,5) size 0x19
        RenderTextControl {INPUT} at (4,34) size 157x24 [bgcolor=#FFFFFF] [border: (3px solid #00FF00)]
          RenderFlexibleBox {DIV} at (4,4) size 149x16
            RenderBlock {DIV} at (0,2) size 1x12
            RenderBlock {DIV} at (1,0) size 136x16
            RenderBlock {DIV} at (137,3) size 9x10
        RenderText {#text} at (165,36) size 4x19
          text run at (165,36) width 4: " "
        RenderTextControl {INPUT} at (173,35) size 155x22 [bgcolor=#FFFFFF] [border: (2px inset #000000)]
          RenderFlexibleBox {DIV} at (3,3) size 149x16
            RenderBlock {DIV} at (0,2) size 1x12
            RenderBlock {DIV} at (1,0) size 136x16
            RenderBlock {DIV} at (137,3) size 9x10
        RenderText {#text} at (332,36) size 4x19
          text run at (332,36) width 4: " "
        RenderBR {BR} at (336,36) size 0x19
      RenderBlock {DIV} at (0,62) size 163x45 [bgcolor=#888888]
        RenderTextControl {INPUT} at (11,9) size 133x22 [bgcolor=#00FF00] [border: (2px inset #000000)]
          RenderFlexibleBox {DIV} at (3,3) size 127x16
            RenderBlock {DIV} at (0,2) size 1x12
            RenderBlock {DIV} at (1,0) size 114x16
            RenderBlock {DIV} at (115,3) size 9x10
        RenderText {#text} at (0,0) size 0x0
      RenderBlock (anonymous) at (0,107) size 784x192
        RenderTextControl {INPUT} at (4,4) size 155x22 [border: (2px inset #000000)]
          RenderFlexibleBox {DIV} at (3,3) size 149x16
            RenderBlock {DIV} at (0,2) size 1x12
            RenderBlock {DIV} at (1,0) size 136x16
            RenderBlock {DIV} at (137,3) size 9x10
        RenderText {#text} at (163,5) size 4x19
          text run at (163,5) width 4: " "
        RenderBR {BR} at (167,5) size 0x19
        RenderTextControl {INPUT} at (4,34) size 155x22 [bgcolor=#FFFFFF] [border: (2px inset #000000)]
          RenderFlexibleBox {DIV} at (3,3) size 149x16
            RenderBlock {DIV} at (0,2) size 1x12
            RenderBlock {DIV} at (1,0) size 136x16
            RenderBlock {DIV} at (137,3) size 9x10
        RenderText {#text} at (163,35) size 4x19
          text run at (163,35) width 4: " "
        RenderBR {BR} at (167,35) size 0x19
        RenderTextControl {INPUT} at (4,70) size 182x25 [bgcolor=#FFFFFF] [border: (2px inset #000000)]
          RenderFlexibleBox {DIV} at (3,3) size 176x19
            RenderBlock {DIV} at (0,4) size 1x11
            RenderBlock {DIV} at (1,0) size 161x19
            RenderBlock {DIV} at (162,4) size 11x11
        RenderText {#text} at (190,73) size 4x19
          text run at (190,73) width 4: " "
        RenderTextControl {INPUT} at (198,66) size 231x30 [bgcolor=#FFFFFF] [border: (2px inset #000000)]
          RenderFlexibleBox {DIV} at (3,3) size 225x24
            RenderBlock {DIV} at (0,6) size 1x12
            RenderBlock {DIV} at (1,0) size 207x24
            RenderBlock {DIV} at (208,5) size 14x14
        RenderText {#text} at (433,73) size 4x19
          text run at (433,73) width 4: " "
        RenderTextControl {INPUT} at (441,64) size 280x34 [bgcolor=#FFFFFF] [border: (2px inset #000000)]
          RenderFlexibleBox {DIV} at (3,3) size 274x28
            RenderBlock {DIV} at (0,8) size 1x12
            RenderBlock {DIV} at (1,0) size 253x28
            RenderBlock {DIV} at (254,5) size 17x18
        RenderText {#text} at (725,73) size 4x19
          text run at (725,73) width 4: " "
        RenderBR {BR} at (729,73) size 0x19
        RenderTextControl {INPUT} at (6,119) size 234x33 [bgcolor=#FFFFFF] [border: (3px inset #000000)]
          RenderFlexibleBox {DIV} at (4,4) size 226x25
            RenderBlock {DIV} at (0,6) size 1x12
            RenderBlock {DIV} at (1,0) size 206x24
            RenderBlock {DIV} at (206,5) size 15x14
        RenderText {#text} at (246,127) size 4x19
          text run at (246,127) width 4: " "
        RenderTextControl {INPUT} at (258,110) size 313x45 [bgcolor=#FFFFFF] [border: (4px inset #000000)]
          RenderFlexibleBox {DIV} at (6,6) size 301x33
            RenderBlock {DIV} at (0,11) size 1x11
            RenderBlock {DIV} at (1,0) size 275x33
            RenderBlock {DIV} at (276,7) size 19x19
        RenderText {#text} at (579,127) size 4x19
          text run at (579,127) width 4: " "
        RenderBR {BR} at (583,127) size 0x19
        RenderTextControl {INPUT} at (4,167) size 152x21 [bgcolor=#FFFFFF] [border: (1px solid #BDC7D8)]
          RenderFlexibleBox {DIV} at (18,4) size 130x13
            RenderBlock {DIV} at (2,1) size 15x11
            RenderBlock {DIV} at (20,0) size 99x13
            RenderBlock {DIV} at (119,2) size 8x9
        RenderText {#text} at (0,0) size 0x0
layer at (16,15) size 136x16
  RenderBlock {DIV} at (0,0) size 136x16
    RenderText {#text} at (0,0) size 17x16
      text run at (0,0) width 17: "foo"
layer at (17,46) size 136x16
  RenderBlock {DIV} at (0,0) size 136x16
    RenderText {#text} at (0,0) size 17x16
      text run at (0,0) width 17: "foo"
layer at (185,46) size 136x16
  RenderBlock {DIV} at (0,0) size 136x16
    RenderText {#text} at (0,0) size 17x16
      text run at (0,0) width 17: "foo"
layer at (23,82) size 114x16
  RenderBlock {DIV} at (0,0) size 114x16
    RenderText {#text} at (0,0) size 64x16
      text run at (0,0) width 64: "default text"
layer at (16,122) size 136x16
  RenderBlock {DIV} at (0,0) size 136x16
    RenderText {#text} at (0,0) size 17x16
      text run at (0,0) width 17: "foo"
layer at (16,152) size 136x16
  RenderBlock {DIV} at (0,0) size 136x16
    RenderText {#text} at (0,0) size 17x16
      text run at (0,0) width 17: "foo"
layer at (16,188) size 161x19
  RenderBlock {DIV} at (0,0) size 161x19
    RenderText {#text} at (0,0) size 22x18
      text run at (0,0) width 22: "foo"
layer at (210,184) size 207x24
  RenderBlock {DIV} at (0,0) size 207x24
    RenderText {#text} at (0,0) size 28x23
      text run at (0,0) width 28: "foo"
layer at (453,182) size 253x28
  RenderBlock {DIV} at (0,0) size 253x28
    RenderText {#text} at (0,0) size 33x27
      text run at (0,0) width 33: "foo"
layer at (20,239) size 206x24 backgroundClip at (20,239) size 205x24 clip at (20,239) size 205x24
  RenderBlock {DIV} at (0,0) size 206x24
    RenderText {#text} at (0,0) size 28x23
      text run at (0,0) width 28: "foo"
layer at (273,231) size 275x33
  RenderBlock {DIV} at (0,0) size 275x33
    RenderText {#text} at (0,0) size 37x32
      text run at (0,0) width 37: "foo"
layer at (50,286) size 99x13 scrollWidth 102
  RenderBlock {DIV} at (38,4) size 99x13 [color=#A9A9A9]
    RenderText {#text} at (0,0) size 102x13
      text run at (0,0) width 102: "Search for Events"
layer at (50,286) size 99x13
  RenderBlock {DIV} at (0,0) size 99x13
