layer at (0,0) size 800x600
  RenderView at (0,0) size 800x600
layer at (0,0) size 800x532
  RenderBlock {HTML} at (0,0) size 800x532
    RenderBody {BODY} at (8,8) size 784x516
      RenderListBox {SELECT} at (4,4) size 35x57 [bgcolor=#FFFFFF] [border: (1px inset #808080)]
      RenderText {#text} at (43,44) size 4x18
        text run at (43,44) width 4: " "
      RenderBR {BR} at (47,44) size 0x18
      RenderListBox {SELECT} at (4,69) size 39x61 [bgcolor=#FFFFFF] [border: (3px solid #00FF00)]
      RenderText {#text} at (47,113) size 4x18
        text run at (47,113) width 4: " "
      RenderListBox {SELECT} at (55,73) size 35x57 [bgcolor=#FFFFFF] [border: (1px inset #808080)]
      RenderText {#text} at (94,113) size 4x18
        text run at (94,113) width 4: " "
      RenderBR {BR} at (98,113) size 0x18
      RenderListBox {SELECT} at (4,138) size 35x57 [border: (1px inset #808080)]
      RenderText {#text} at (43,178) size 4x18
        text run at (43,178) width 4: " "
      RenderBR {BR} at (47,178) size 0x18
      RenderListBox {SELECT} at (4,203) size 35x57 [bgcolor=#FFFFFF] [border: (1px inset #808080)]
      RenderText {#text} at (43,243) size 4x18
        text run at (43,243) width 4: " "
      RenderBR {BR} at (47,243) size 0x18
      RenderListBox {SELECT} at (4,308) size 43x77 [bgcolor=#FFFFFF] [border: (1px inset #808080)]
      RenderText {#text} at (51,368) size 4x18
        text run at (51,368) width 4: " "
      RenderListBox {SELECT} at (59,288) size 49x97 [bgcolor=#FFFFFF] [border: (1px inset #808080)]
      RenderText {#text} at (112,368) size 4x18
        text run at (112,368) width 4: " "
      RenderListBox {SELECT} at (120,268) size 56x117 [bgcolor=#FFFFFF] [border: (1px inset #808080)]
      RenderText {#text} at (180,368) size 4x18
        text run at (180,368) width 4: " "
      RenderBR {BR} at (184,368) size 0x18
      RenderListBox {SELECT} at (6,425) size 45x85 [bgcolor=#FFFFFF] [border: (1px inset #808080)]
      RenderText {#text} at (57,495) size 4x18
        text run at (57,495) width 4: " "
      RenderListBox {SELECT} at (69,397) size 55x111 [bgcolor=#FFFFFF] [border: (2px inset #808080)]
      RenderText {#text} at (132,495) size 4x18
        text run at (132,495) width 4: " "
      RenderBR {BR} at (136,495) size 0x18
